// Jest Snapshot v1, https://goo.gl/fbAQLP

exports[`goingout card matches snapshot 1`] = `
ShallowWrapper {
  Symbol(enzyme.__root__): [Circular],
  Symbol(enzyme.__unrendered__): <GoingoutCard
    gooutDate="2019-01-01 08:00"
    id={123}
    onChangeCard={[MockFunction]}
    reason="아침 식사 외출(서브웨이)"
    returnDate="2019-01-01 09:00"
  />,
  Symbol(enzyme.__renderer__): Object {
    "batchedUpdates": [Function],
    "getNode": [Function],
    "render": [Function],
    "simulateError": [Function],
    "simulateEvent": [Function],
    "unmount": [Function],
  },
  Symbol(enzyme.__node__): Object {
    "instance": null,
    "key": undefined,
    "nodeType": "host",
    "props": Object {
      "children": Array [
        <p
          className="apply--goingout--card--title"
        >
          외출 신청서
        </p>,
        <p
          className="apply--goingout--card--time"
        >
          01월 01일  08:00 ~  09:00
        </p>,
        <p
          className="apply--goingout--card--reason"
        >
          아침 식사 외출(서브웨이)
        </p>,
      ],
      "className": "unselectable apply--goingout--card undefined",
      "onClick": [Function],
    },
    "ref": null,
    "rendered": Array [
      Object {
        "instance": null,
        "key": undefined,
        "nodeType": "host",
        "props": Object {
          "children": "외출 신청서",
          "className": "apply--goingout--card--title",
        },
        "ref": null,
        "rendered": "외출 신청서",
        "type": "p",
      },
      Object {
        "instance": null,
        "key": undefined,
        "nodeType": "host",
        "props": Object {
          "children": "01월 01일  08:00 ~  09:00",
          "className": "apply--goingout--card--time",
        },
        "ref": null,
        "rendered": "01월 01일  08:00 ~  09:00",
        "type": "p",
      },
      Object {
        "instance": null,
        "key": undefined,
        "nodeType": "host",
        "props": Object {
          "children": "아침 식사 외출(서브웨이)",
          "className": "apply--goingout--card--reason",
        },
        "ref": null,
        "rendered": "아침 식사 외출(서브웨이)",
        "type": "p",
      },
    ],
    "type": "div",
  },
  Symbol(enzyme.__nodes__): Array [
    Object {
      "instance": null,
      "key": undefined,
      "nodeType": "host",
      "props": Object {
        "children": Array [
          <p
            className="apply--goingout--card--title"
          >
            외출 신청서
          </p>,
          <p
            className="apply--goingout--card--time"
          >
            01월 01일  08:00 ~  09:00
          </p>,
          <p
            className="apply--goingout--card--reason"
          >
            아침 식사 외출(서브웨이)
          </p>,
        ],
        "className": "unselectable apply--goingout--card undefined",
        "onClick": [Function],
      },
      "ref": null,
      "rendered": Array [
        Object {
          "instance": null,
          "key": undefined,
          "nodeType": "host",
          "props": Object {
            "children": "외출 신청서",
            "className": "apply--goingout--card--title",
          },
          "ref": null,
          "rendered": "외출 신청서",
          "type": "p",
        },
        Object {
          "instance": null,
          "key": undefined,
          "nodeType": "host",
          "props": Object {
            "children": "01월 01일  08:00 ~  09:00",
            "className": "apply--goingout--card--time",
          },
          "ref": null,
          "rendered": "01월 01일  08:00 ~  09:00",
          "type": "p",
        },
        Object {
          "instance": null,
          "key": undefined,
          "nodeType": "host",
          "props": Object {
            "children": "아침 식사 외출(서브웨이)",
            "className": "apply--goingout--card--reason",
          },
          "ref": null,
          "rendered": "아침 식사 외출(서브웨이)",
          "type": "p",
        },
      ],
      "type": "div",
    },
  ],
  Symbol(enzyme.__options__): Object {
    "adapter": ReactSixteenAdapter {
      "options": Object {
        "enableComponentDidUpdateOnSetState": true,
        "lifecycles": Object {
          "componentDidUpdate": Object {
            "onSetState": true,
          },
          "getDerivedStateFromProps": true,
          "getSnapshotBeforeUpdate": true,
          "setState": Object {
            "skipsComponentDidUpdateOnNullish": true,
          },
        },
      },
    },
  },
}
`;
